Testing Resend...
Resend test result: { data: { id: 'c0489409-992b-4b60-806b-f828fcfb856d' }, error: null }
Testing Genkit...
Genkit error: GoogleGenerativeAIFetchError: [GoogleGenerativeAI Error]: Error fetching from https://generativelanguage.googleapis.com/v1beta/models/gemini-2.0-flash:generateContent: [429 Too Many Requests] You exceeded your current quota, please check your plan and billing details. For more information on this error, head to: https://ai.google.dev/gemini-api/docs/rate-limits. To monitor your current usage, head to: https://ai.dev/rate-limit. 
* Quota exceeded for metric: generativelanguage.googleapis.com/generate_content_free_tier_requests, limit: 0, model: gemini-2.0-flash
* Quota exceeded for metric: generativelanguage.googleapis.com/generate_content_free_tier_requests, limit: 0, model: gemini-2.0-flash
* Quota exceeded for metric: generativelanguage.googleapis.com/generate_content_free_tier_input_token_count, limit: 0, model: gemini-2.0-flash
Please retry in 24.359169752s. [{"@type":"type.googleapis.com/google.rpc.Help","links":[{"description":"Learn more about Gemini API quotas","url":"https://ai.google.dev/gemini-api/docs/rate-limits"}]},{"@type":"type.googleapis.com/google.rpc.QuotaFailure","violations":[{"quotaMetric":"generativelanguage.googleapis.com/generate_content_free_tier_requests","quotaId":"GenerateRequestsPerDayPerProjectPerModel-FreeTier","quotaDimensions":{"location":"global","model":"gemini-2.0-flash"}},{"quotaMetric":"generativelanguage.googleapis.com/generate_content_free_tier_requests","quotaId":"GenerateRequestsPerMinutePerProjectPerModel-FreeTier","quotaDimensions":{"location":"global","model":"gemini-2.0-flash"}},{"quotaMetric":"generativelanguage.googleapis.com/generate_content_free_tier_input_token_count","quotaId":"GenerateContentInputTokensPerModelPerMinute-FreeTier","quotaDimensions":{"location":"global","model":"gemini-2.0-flash"}}]},{"@type":"type.googleapis.com/google.rpc.RetryInfo","retryDelay":"24s"}]
    at handleResponseNotOk (C:\Users\LAWRENCE DIKE\Downloads\project\node_modules\@google\generative-ai\dist\index.js:434:11)
    at process.processTicksAndRejections (node:internal/process/task_queues:105:5)
    at async makeRequest (C:\Users\LAWRENCE DIKE\Downloads\project\node_modules\@google\generative-ai\dist\index.js:403:9)
    at async generateContent (C:\Users\LAWRENCE DIKE\Downloads\project\node_modules\@google\generative-ai\dist\index.js:867:22)
    at async ChatSession.sendMessage (C:\Users\LAWRENCE DIKE\Downloads\project\node_modules\@google\generative-ai\dist\index.js:1205:9)
    at async callGemini (C:\Users\LAWRENCE DIKE\Downloads\project\node_modules\@genkit-ai\googleai\src\gemini.ts:1367:26)
    at async <anonymous> (C:\Users\LAWRENCE DIKE\Downloads\project\node_modules\@genkit-ai\googleai\src\gemini.ts:1426:11)
    at async <anonymous> (C:\Users\LAWRENCE DIKE\Downloads\project\node_modules\@genkit-ai\core\src\action.ts:531:14)
    at async <anonymous> (C:\Users\LAWRENCE DIKE\Downloads\project\node_modules\@genkit-ai\core\src\action.ts:404:30)
    at async <anonymous> (C:\Users\LAWRENCE DIKE\Downloads\project\node_modules\@genkit-ai\core\src\tracing\instrumentation.ts:73:16) {
  status: 429,
  statusText: 'Too Many Requests',
  errorDetails: [
    { '@type': 'type.googleapis.com/google.rpc.Help', links: [Array] },
    {
      '@type': 'type.googleapis.com/google.rpc.QuotaFailure',
      violations: [Array]
    },
    {
      '@type': 'type.googleapis.com/google.rpc.RetryInfo',
      retryDelay: '24s'
    }
  ],
  traceId: 'b6509fc922f8fe17c32c50af75df6f28',
  ignoreFailedSpan: true
}
