src/app/app/LessonView.tsx(154,27): error TS2304: Cannot find name 'cn'.
src/app/app/LessonView.tsx(209,27): error TS2304: Cannot find name 'cn'.
src/app/app/LessonView.tsx(232,32): error TS2304: Cannot find name 'cn'.
src/app/app/LessonView.tsx(263,54): error TS2304: Cannot find name 'cn'.
src/app/app/LessonView.tsx(268,79): error TS2304: Cannot find name 'cn'.
src/app/app/LessonView.tsx(302,27): error TS2304: Cannot find name 'cn'.
src/app/app/LessonView.tsx(349,16): error TS2304: Cannot find name 'Archive'.
src/app/app/LessonView.tsx(357,23): error TS2304: Cannot find name 'cn'.
src/app/sih/apply/page.tsx(34,31): error TS2769: No overload matches this call.
  Overload 1 of 2, '(action: (state: { message: string; errors: { name?: string[] | undefined; email?: string[] | undefined; startupName?: string[] | undefined; sector?: string[] | undefined; stage?: string[] | undefined; teamSize?: string[] | undefined; problem?: string[] | undefined; solution?: string[] | undefined; pitchLink?: string[] | undefined; }; data?: undefined; } | { ...; }) => { ...; } | ... 1 more ... | Promise<...>, initialState: { ...; } | { ...; }, permalink?: string | undefined): [state: ...]', gave the following error.
    Argument of type '(prevState: any, formData: FormData) => Promise<{ message: string; errors: { name?: string[] | undefined; email?: string[] | undefined; startupName?: string[] | undefined; sector?: string[] | undefined; ... 4 more ...; pitchLink?: string[] | undefined; }; data?: undefined; } | { ...; }>' is not assignable to parameter of type '(state: { message: string; errors: { name?: string[] | undefined; email?: string[] | undefined; startupName?: string[] | undefined; sector?: string[] | undefined; stage?: string[] | undefined; teamSize?: string[] | undefined; problem?: string[] | undefined; solution?: string[] | undefined; pitchLink?: string[] | und...'.
      Target signature provides too few arguments. Expected 2 or more, but got 1.
  Overload 2 of 2, '(action: (state: { message: string; errors: { name?: string[] | undefined; email?: string[] | undefined; startupName?: string[] | undefined; sector?: string[] | undefined; stage?: string[] | undefined; teamSize?: string[] | undefined; problem?: string[] | undefined; solution?: string[] | undefined; pitchLink?: string[] | undefined; }; data?: undefined; } | { ...; }, payload: FormData) => { ...; } | ... 1 more ... | Promise<...>, initialState: { ...; } | { ...; }, permalink?: string | undefined): [state: ...]', gave the following error.
    Argument of type '{ message: string; errors: null; data: null; }' is not assignable to parameter of type '{ message: string; errors: { name?: string[] | undefined; email?: string[] | undefined; startupName?: string[] | undefined; sector?: string[] | undefined; stage?: string[] | undefined; teamSize?: string[] | undefined; problem?: string[] | undefined; solution?: string[] | undefined; pitchLink?: string[] | undefined; ...'.
      Type '{ message: string; errors: null; data: null; }' is not assignable to type '{ message: string; data: { name: string; email: string; startupName: string; sector: string; stage: string; teamSize: string; problem: string; solution: string; pitchLink: string; }; errors?: undefined; }'.
        Types of property 'data' are incompatible.
          Type 'null' is not assignable to type '{ name: string; email: string; startupName: string; sector: string; stage: string; teamSize: string; problem: string; solution: string; pitchLink: string; }'.
src/app/sih/apply/page.tsx(43,44): error TS2339: Property 'length' does not exist on type 'never'.
src/components/business-inquiry-form.tsx(44,31): error TS2769: No overload matches this call.
  Overload 1 of 2, '(action: (state: { message: string; errors: { name?: string[] | undefined; message?: string[] | undefined; email?: string[] | undefined; organization?: string[] | undefined; industry?: string[] | undefined; service?: string[] | undefined; }; data?: undefined; } | { ...; }) => { ...; } | ... 1 more ... | Promise<...>, initialState: { ...; } | { ...; }, permalink?: string | undefined): [state: ...]', gave the following error.
    Argument of type '(prevState: any, formData: FormData) => Promise<{ message: string; errors: { name?: string[] | undefined; message?: string[] | undefined; email?: string[] | undefined; organization?: string[] | undefined; industry?: string[] | undefined; service?: string[] | undefined; }; data?: undefined; } | { ...; }>' is not assignable to parameter of type '(state: { message: string; errors: { name?: string[] | undefined; message?: string[] | undefined; email?: string[] | undefined; organization?: string[] | undefined; industry?: string[] | undefined; service?: string[] | undefined; }; data?: undefined; } | { ...; }) => { ...; } | ... 1 more ... | Promise<...>'.
      Target signature provides too few arguments. Expected 2 or more, but got 1.
  Overload 2 of 2, '(action: (state: { message: string; errors: { name?: string[] | undefined; message?: string[] | undefined; email?: string[] | undefined; organization?: string[] | undefined; industry?: string[] | undefined; service?: string[] | undefined; }; data?: undefined; } | { ...; }, payload: FormData) => { ...; } | ... 1 more ... | Promise<...>, initialState: { ...; } | { ...; }, permalink?: string | undefined): [state: ...]', gave the following error.
    Argument of type '{ message: string; errors: null; data: null; }' is not assignable to parameter of type '{ message: string; errors: { name?: string[] | undefined; message?: string[] | undefined; email?: string[] | undefined; organization?: string[] | undefined; industry?: string[] | undefined; service?: string[] | undefined; }; data?: undefined; } | { ...; }'.
      Type '{ message: string; errors: null; data: null; }' is not assignable to type '{ message: string; data: { name: string; message: string; email: string; organization: string; industry: string; service: string; }; errors?: undefined; }'.
        Types of property 'data' are incompatible.
          Type 'null' is not assignable to type '{ name: string; message: string; email: string; organization: string; industry: string; service: string; }'.
src/components/business-inquiry-form.tsx(54,44): error TS2339: Property 'length' does not exist on type 'never'.
src/components/enrollment-form.tsx(44,31): error TS2769: No overload matches this call.
  Overload 1 of 2, '(action: (state: { message: string; errors: { address?: string[] | undefined; name?: string[] | undefined; email?: string[] | undefined; phone?: string[] | undefined; dob?: string[] | undefined; gender?: string[] | undefined; ... 12 more ...; passport?: string[] | undefined; }; data?: undefined; } | { ...; }) => { ...; } | ... 1 more ... | Promise<...>, initialState: { ...; } | { ...; }, permalink?: string | undefined): [state: ...]', gave the following error.
    Argument of type '(prevState: any, formData: FormData) => Promise<{ message: string; errors: { address?: string[] | undefined; name?: string[] | undefined; email?: string[] | undefined; phone?: string[] | undefined; ... 14 more ...; passport?: string[] | undefined; }; data?: undefined; } | { ...; }>' is not assignable to parameter of type '(state: { message: string; errors: { address?: string[] | undefined; name?: string[] | undefined; email?: string[] | undefined; phone?: string[] | undefined; dob?: string[] | undefined; gender?: string[] | undefined; ... 12 more ...; passport?: string[] | undefined; }; data?: undefined; } | { ...; }) => { ...; } | ....'.
      Target signature provides too few arguments. Expected 2 or more, but got 1.
  Overload 2 of 2, '(action: (state: { message: string; errors: { address?: string[] | undefined; name?: string[] | undefined; email?: string[] | undefined; phone?: string[] | undefined; dob?: string[] | undefined; gender?: string[] | undefined; ... 12 more ...; passport?: string[] | undefined; }; data?: undefined; } | { ...; }, payload: FormData) => { ...; } | ... 1 more ... | Promise<...>, initialState: { ...; } | { ...; }, permalink?: string | undefined): [state: ...]', gave the following error.
    Argument of type '{ message: string; errors: null; data: null; }' is not assignable to parameter of type '{ message: string; errors: { address?: string[] | undefined; name?: string[] | undefined; email?: string[] | undefined; phone?: string[] | undefined; dob?: string[] | undefined; gender?: string[] | undefined; ... 12 more ...; passport?: string[] | undefined; }; data?: undefined; } | { ...; }'.
      Type '{ message: string; errors: null; data: null; }' is not assignable to type '{ message: string; data: { price: string; address: string; name: string; email: string; phone: string; dob: string; gender: "male" | "female"; city: string; state: string; stateOfOrigin: string; education: string; ... 8 more ...; passport?: string | undefined; }; errors?: undefined; }'.
        Types of property 'data' are incompatible.
          Type 'null' is not assignable to type '{ price: string; address: string; name: string; email: string; phone: string; dob: string; gender: "male" | "female"; city: string; state: string; stateOfOrigin: string; education: string; nextOfKinName: string; ... 7 more ...; passport?: string | undefined; }'.
src/components/enrollment-form.tsx(67,44): error TS2339: Property 'length' does not exist on type 'never'.
src/components/referral-form.tsx(49,31): error TS2769: No overload matches this call.
  Overload 1 of 2, '(action: (state: { message: string; errors: { name?: string[] | undefined; message?: string[] | undefined; email?: string[] | undefined; studentStatus?: string[] | undefined; referralId?: string[] | undefined; }; data?: undefined; } | { ...; }) => { ...; } | ... 1 more ... | Promise<...>, initialState: { ...; } | { ...; }, permalink?: string | undefined): [state: ...]', gave the following error.
    Argument of type '(prevState: any, formData: FormData) => Promise<{ message: string; errors: { name?: string[] | undefined; message?: string[] | undefined; email?: string[] | undefined; studentStatus?: string[] | undefined; referralId?: string[] | undefined; }; data?: undefined; } | { ...; }>' is not assignable to parameter of type '(state: { message: string; errors: { name?: string[] | undefined; message?: string[] | undefined; email?: string[] | undefined; studentStatus?: string[] | undefined; referralId?: string[] | undefined; }; data?: undefined; } | { ...; }) => { ...; } | ... 1 more ... | Promise<...>'.
      Target signature provides too few arguments. Expected 2 or more, but got 1.
  Overload 2 of 2, '(action: (state: { message: string; errors: { name?: string[] | undefined; message?: string[] | undefined; email?: string[] | undefined; studentStatus?: string[] | undefined; referralId?: string[] | undefined; }; data?: undefined; } | { ...; }, payload: FormData) => { ...; } | ... 1 more ... | Promise<...>, initialState: { ...; } | { ...; }, permalink?: string | undefined): [state: ...]', gave the following error.
    Argument of type '{ message: string; errors: null; data: null; }' is not assignable to parameter of type '{ message: string; errors: { name?: string[] | undefined; message?: string[] | undefined; email?: string[] | undefined; studentStatus?: string[] | undefined; referralId?: string[] | undefined; }; data?: undefined; } | { ...; }'.
      Type '{ message: string; errors: null; data: null; }' is not assignable to type '{ message: string; data: { uniqueReferralCode: string; }; errors?: undefined; }'.
        Types of property 'data' are incompatible.
          Type 'null' is not assignable to type '{ uniqueReferralCode: string; }'.
src/components/sections/advisor.tsx(32,31): error TS2769: No overload matches this call.
  Overload 1 of 2, '(action: (state: { message: string; errors: { interests?: string[] | undefined; }; recommendation?: undefined; } | { message: string; recommendation: string; errors?: undefined; } | { message: string; errors: null; recommendation?: undefined; }) => { ...; } | ... 2 more ... | Promise<...>, initialState: { ...; } | ... 1 more ... | { ...; }, permalink?: string | undefined): [state: ...]', gave the following error.
    Argument of type '(prevState: any, formData: FormData) => Promise<{ message: string; errors: { interests?: string[] | undefined; }; recommendation?: undefined; } | { message: string; recommendation: string; errors?: undefined; } | { ...; }>' is not assignable to parameter of type '(state: { message: string; errors: { interests?: string[] | undefined; }; recommendation?: undefined; } | { message: string; recommendation: string; errors?: undefined; } | { message: string; errors: null; recommendation?: undefined; }) => { ...; } | ... 2 more ... | Promise<...>'.
      Target signature provides too few arguments. Expected 2 or more, but got 1.
  Overload 2 of 2, '(action: (state: { message: string; errors: { interests?: string[] | undefined; }; recommendation?: undefined; } | { message: string; recommendation: string; errors?: undefined; } | { message: string; errors: null; recommendation?: undefined; }, payload: FormData) => { ...; } | ... 2 more ... | Promise<...>, initialState: { ...; } | ... 1 more ... | { ...; }, permalink?: string | undefined): [state: ...]', gave the following error.
    Argument of type '{ message: string; errors: null; recommendation: null; }' is not assignable to parameter of type '{ message: string; errors: { interests?: string[] | undefined; }; recommendation?: undefined; } | { message: string; recommendation: string; errors?: undefined; } | { message: string; errors: null; recommendation?: undefined; }'.
      Type '{ message: string; errors: null; recommendation: null; }' is not assignable to type '{ message: string; errors: null; recommendation?: undefined; }'.
        Types of property 'recommendation' are incompatible.
          Type 'null' is not assignable to type 'undefined'.
src/components/sections/contact.tsx(30,31): error TS2769: No overload matches this call.
  Overload 1 of 2, '(action: (state: { message: string; errors: { name?: string[] | undefined; message?: string[] | undefined; firstName?: string[] | undefined; lastName?: string[] | undefined; email?: string[] | undefined; }; data?: undefined; } | { ...; } | { ...; }) => { ...; } | ... 2 more ... | Promise<...>, initialState: { ...; } | ... 1 more ... | { ...; }, permalink?: string | undefined): [state: ...]', gave the following error.
    Argument of type '(prevState: any, formData: FormData) => Promise<{ message: string; errors: { name?: string[] | undefined; message?: string[] | undefined; firstName?: string[] | undefined; lastName?: string[] | undefined; email?: string[] | undefined; }; data?: undefined; } | { ...; } | { ...; }>' is not assignable to parameter of type '(state: { message: string; errors: { name?: string[] | undefined; message?: string[] | undefined; firstName?: string[] | undefined; lastName?: string[] | undefined; email?: string[] | undefined; }; data?: undefined; } | { ...; } | { ...; }) => { ...; } | ... 2 more ... | Promise<...>'.
      Target signature provides too few arguments. Expected 2 or more, but got 1.
  Overload 2 of 2, '(action: (state: { message: string; errors: { name?: string[] | undefined; message?: string[] | undefined; firstName?: string[] | undefined; lastName?: string[] | undefined; email?: string[] | undefined; }; data?: undefined; } | { ...; } | { ...; }, payload: FormData) => { ...; } | ... 2 more ... | Promise<...>, initialState: { ...; } | ... 1 more ... | { ...; }, permalink?: string | undefined): [state: ...]', gave the following error.
    Argument of type '{ message: string; errors: null; data: null; }' is not assignable to parameter of type '{ message: string; errors: { name?: string[] | undefined; message?: string[] | undefined; firstName?: string[] | undefined; lastName?: string[] | undefined; email?: string[] | undefined; }; data?: undefined; } | { ...; } | { ...; }'.
      Type '{ message: string; errors: null; data: null; }' is not assignable to type '{ message: string; errors: null; data?: undefined; }'.
        Types of property 'data' are incompatible.
          Type 'null' is not assignable to type 'undefined'.
src/components/sections/contact.tsx(39,44): error TS2339: Property 'length' does not exist on type 'never'.
src/components/sections/referral-signup-page.tsx(35,31): error TS2769: No overload matches this call.
  Overload 1 of 2, '(action: (state: { message: string; errors: { name?: string[] | undefined; message?: string[] | undefined; email?: string[] | undefined; studentStatus?: string[] | undefined; referralId?: string[] | undefined; }; data?: undefined; } | { ...; }) => { ...; } | ... 1 more ... | Promise<...>, initialState: { ...; } | { ...; }, permalink?: string | undefined): [state: ...]', gave the following error.
    Argument of type '(prevState: any, formData: FormData) => Promise<{ message: string; errors: { name?: string[] | undefined; message?: string[] | undefined; email?: string[] | undefined; studentStatus?: string[] | undefined; referralId?: string[] | undefined; }; data?: undefined; } | { ...; }>' is not assignable to parameter of type '(state: { message: string; errors: { name?: string[] | undefined; message?: string[] | undefined; email?: string[] | undefined; studentStatus?: string[] | undefined; referralId?: string[] | undefined; }; data?: undefined; } | { ...; }) => { ...; } | ... 1 more ... | Promise<...>'.
      Target signature provides too few arguments. Expected 2 or more, but got 1.
  Overload 2 of 2, '(action: (state: { message: string; errors: { name?: string[] | undefined; message?: string[] | undefined; email?: string[] | undefined; studentStatus?: string[] | undefined; referralId?: string[] | undefined; }; data?: undefined; } | { ...; }, payload: FormData) => { ...; } | ... 1 more ... | Promise<...>, initialState: { ...; } | { ...; }, permalink?: string | undefined): [state: ...]', gave the following error.
    Argument of type '{ message: string; errors: null; data: null; }' is not assignable to parameter of type '{ message: string; errors: { name?: string[] | undefined; message?: string[] | undefined; email?: string[] | undefined; studentStatus?: string[] | undefined; referralId?: string[] | undefined; }; data?: undefined; } | { ...; }'.
      Type '{ message: string; errors: null; data: null; }' is not assignable to type '{ message: string; data: { uniqueReferralCode: string; }; errors?: undefined; }'.
        Types of property 'data' are incompatible.
          Type 'null' is not assignable to type '{ uniqueReferralCode: string; }'.
src/components/sections/register-page.tsx(32,31): error TS2769: No overload matches this call.
  Overload 1 of 2, '(action: (state: { message: string; errors: { name?: string[] | undefined; message?: string[] | undefined; firstName?: string[] | undefined; lastName?: string[] | undefined; email?: string[] | undefined; }; data?: undefined; } | { ...; } | { ...; }) => { ...; } | ... 2 more ... | Promise<...>, initialState: { ...; } | ... 1 more ... | { ...; }, permalink?: string | undefined): [state: ...]', gave the following error.
    Argument of type '(prevState: any, formData: FormData) => Promise<{ message: string; errors: { name?: string[] | undefined; message?: string[] | undefined; firstName?: string[] | undefined; lastName?: string[] | undefined; email?: string[] | undefined; }; data?: undefined; } | { ...; } | { ...; }>' is not assignable to parameter of type '(state: { message: string; errors: { name?: string[] | undefined; message?: string[] | undefined; firstName?: string[] | undefined; lastName?: string[] | undefined; email?: string[] | undefined; }; data?: undefined; } | { ...; } | { ...; }) => { ...; } | ... 2 more ... | Promise<...>'.
      Target signature provides too few arguments. Expected 2 or more, but got 1.
  Overload 2 of 2, '(action: (state: { message: string; errors: { name?: string[] | undefined; message?: string[] | undefined; firstName?: string[] | undefined; lastName?: string[] | undefined; email?: string[] | undefined; }; data?: undefined; } | { ...; } | { ...; }, payload: FormData) => { ...; } | ... 2 more ... | Promise<...>, initialState: { ...; } | ... 1 more ... | { ...; }, permalink?: string | undefined): [state: ...]', gave the following error.
    Argument of type '{ message: string; errors: null; data: null; }' is not assignable to parameter of type '{ message: string; errors: { name?: string[] | undefined; message?: string[] | undefined; firstName?: string[] | undefined; lastName?: string[] | undefined; email?: string[] | undefined; }; data?: undefined; } | { ...; } | { ...; }'.
      Type '{ message: string; errors: null; data: null; }' is not assignable to type '{ message: string; errors: null; data?: undefined; }'.
        Types of property 'data' are incompatible.
          Type 'null' is not assignable to type 'undefined'.
src/components/sections/register-page.tsx(41,44): error TS2339: Property 'length' does not exist on type 'never'.
